{
  "module_name": "test_output_isolated_correctly.log",
  "hash_id": "77b6cda15b03bfa66e110121571c6b3125f1d9f3fc11f82d6d9deff5344c06a8",
  "original_prompt": "Ingested from linux-6.6.14/tools/testing/kunit/test_data/test_output_isolated_correctly.log",
  "human_readable_source": "Linux version 5.1.0-rc7-00061-g04652f1cb4aa0 (brendanhiggins@mactruck.svl.corp.google.com) (gcc version 7.3.0 (Debian 7.3.0-18)) #163 Wed May 8 16:18:20 PDT 2019\nBuilt 1 zonelists, mobility grouping on.  Total pages: 69906\nKernel command line: mem=256M root=98:0\nDentry cache hash table entries: 65536 (order: 7, 524288 bytes)\nInode-cache hash table entries: 32768 (order: 6, 262144 bytes)\nMemory: 254468K/283500K available (1734K kernel code, 489K rwdata, 396K rodata, 85K init, 216K bss, 29032K reserved, 0K cma-reserved)\nSLUB: HWalign=64, Order=0-3, MinObjects=0, CPUs=1, Nodes=1\nNR_IRQS: 15\nclocksource: timer: mask: 0xffffffffffffffff max_cycles: 0x1cd42e205, max_idle_ns: 881590404426 ns\n------------[ cut here ]------------\nWARNING: CPU: 0 PID: 0 at kernel/time/clockevents.c:458 clockevents_register_device+0x143/0x160\nposix-timer cpumask == cpu_all_mask, using cpu_possible_mask instead\nCPU: 0 PID: 0 Comm: swapper Not tainted 5.1.0-rc7-00061-g04652f1cb4aa0 #163\nStack:\n 6005cc00 60233e18 60233e60 60233e18\n 60233e60 00000009 00000000 6002a1b4\n 1ca00000000 60071c23 60233e78 100000000000062\nCall Trace:\n [<600214c5>] ? os_is_signal_stack+0x15/0x30\n [<6005c5ec>] ? printk+0x0/0x9b\n [<6001597e>] ? show_stack+0xbe/0x1c0\n [<6005cc00>] ? __printk_safe_exit+0x0/0x40\n [<6002a1b4>] ? __warn+0x144/0x170\n [<60071c23>] ? clockevents_register_device+0x143/0x160\n [<60021440>] ? get_signals+0x0/0x10\n [<6005c5ec>] ? printk+0x0/0x9b\n [<6002a27b>] ? warn_slowpath_fmt+0x9b/0xb0\n [<6005c5ec>] ? printk+0x0/0x9b\n [<6002a1e0>] ? warn_slowpath_fmt+0x0/0xb0\n [<6005c5ec>] ? printk+0x0/0x9b\n [<60021440>] ? get_signals+0x0/0x10\n [<600213f0>] ? block_signals+0x0/0x20\n [<60071c23>] ? clockevents_register_device+0x143/0x160\n [<60021440>] ? get_signals+0x0/0x10\n [<600213f0>] ? block_signals+0x0/0x20\n [<6005c5ec>] ? printk+0x0/0x9b\n [<60001bc8>] ? start_kernel+0x477/0x56a\n [<600036f1>] ? start_kernel_proc+0x46/0x4d\n [<60014442>] ? new_thread_handler+0x82/0xc0\n\nrandom: get_random_bytes called from print_oops_end_marker+0x4c/0x60 with crng_init=0\n---[ end trace c83434852b3702d3 ]---\nCalibrating delay loop... 6958.28 BogoMIPS (lpj=34791424)\npid_max: default: 32768 minimum: 301\nMount-cache hash table entries: 1024 (order: 1, 8192 bytes)\nMountpoint-cache hash table entries: 1024 (order: 1, 8192 bytes)\n*** VALIDATE proc ***\nChecking that host ptys support output SIGIO...Yes\nChecking that host ptys support SIGIO on close...No, enabling workaround\nclocksource: jiffies: mask: 0xffffffff max_cycles: 0xffffffff, max_idle_ns: 19112604462750000 ns\nfutex hash table entries: 256 (order: 0, 6144 bytes)\nclocksource: Switched to clocksource timer\nprintk: console [stderr0] disabled\nmconsole (version 2) initialized on /usr/local/google/home/brendanhiggins/.uml/VZ2qMm/mconsole\nChecking host MADV_REMOVE support...OK\nworkingset: timestamp_bits=62 max_order=16 bucket_order=0\nBlock layer SCSI generic (bsg) driver version 0.4 loaded (major 254)\nio scheduler mq-deadline registered\nio scheduler kyber registered\nInitialized stdio console driver\nUsing a channel type which is configured out of UML\nsetup_one_line failed for device 1 : Configuration failed\nUsing a channel type which is configured out of UML\nsetup_one_line failed for device 2 : Configuration failed\nUsing a channel type which is configured out of UML\nsetup_one_line failed for device 3 : Configuration failed\nUsing a channel type which is configured out of UML\nsetup_one_line failed for device 4 : Configuration failed\nUsing a channel type which is configured out of UML\nsetup_one_line failed for device 5 : Configuration failed\nUsing a channel type which is configured out of UML\nsetup_one_line failed for device 6 : Configuration failed\nUsing a channel type which is configured out of UML\nsetup_one_line failed for device 7 : Configuration failed\nUsing a channel type which is configured out of UML\nsetup_one_line failed for device 8 : Configuration failed\nUsing a channel type which is configured out of UML\nsetup_one_line failed for device 9 : Configuration failed\nUsing a channel type which is configured out of UML\nsetup_one_line failed for device 10 : Configuration failed\nUsing a channel type which is configured out of UML\nsetup_one_line failed for device 11 : Configuration failed\nUsing a channel type which is configured out of UML\nsetup_one_line failed for device 12 : Configuration failed\nUsing a channel type which is configured out of UML\nsetup_one_line failed for device 13 : Configuration failed\nUsing a channel type which is configured out of UML\nsetup_one_line failed for device 14 : Configuration failed\nUsing a channel type which is configured out of UML\nsetup_one_line failed for device 15 : Configuration failed\nConsole initialized on /dev/tty0\nprintk: console [tty0] enabled\nprintk: console [mc-1] enabled\nTAP version 14\n\t# Subtest: example\n\t1..2\ninit_suite\n\t# example_simple_test: initializing\n\t# example_simple_test: example_simple_test passed\n\tok 1 - example_simple_test\n\t# example_mock_test: initializing\n\t# example_mock_test: example_mock_test passed\n\tok 2 - example_mock_test\nkunit example: all tests passed\nok 1 - example\nList of all partitions:\n",
  "logic_map": {},
  "failure_modes": [],
  "crash_correlation_map": {}
}